// Jest Snapshot v1, https://goo.gl/fbAQLP

exports[`LandingPage should match the snapshot 1`] = `
ShallowWrapper {
  "length": 1,
  Symbol(enzyme.__root__): [Circular],
  Symbol(enzyme.__unrendered__): <Unknown />,
  Symbol(enzyme.__renderer__): Object {
    "batchedUpdates": [Function],
    "getNode": [Function],
    "render": [Function],
    "simulateEvent": [Function],
    "unmount": [Function],
  },
  Symbol(enzyme.__node__): Object {
    "instance": null,
    "key": undefined,
    "nodeType": "host",
    "props": Object {
      "children": <article
        className="landing-page"
>
        <h1>
                Gig Spot
        </h1>
        <p>
                Enter your city find concerts in your area
        </p>
        <withRouter(Connect(LocationForm)) />
</article>,
      "className": "landing-page-background",
    },
    "ref": null,
    "rendered": Object {
      "instance": null,
      "key": undefined,
      "nodeType": "host",
      "props": Object {
        "children": Array [
          <h1>
            Gig Spot
</h1>,
          <p>
            Enter your city find concerts in your area
</p>,
          <withRouter(Connect(LocationForm)) />,
        ],
        "className": "landing-page",
      },
      "ref": null,
      "rendered": Array [
        Object {
          "instance": null,
          "key": undefined,
          "nodeType": "host",
          "props": Object {
            "children": "Gig Spot",
          },
          "ref": null,
          "rendered": "Gig Spot",
          "type": "h1",
        },
        Object {
          "instance": null,
          "key": undefined,
          "nodeType": "host",
          "props": Object {
            "children": "Enter your city find concerts in your area",
          },
          "ref": null,
          "rendered": "Enter your city find concerts in your area",
          "type": "p",
        },
        Object {
          "instance": null,
          "key": undefined,
          "nodeType": "function",
          "props": Object {},
          "ref": null,
          "rendered": null,
          "type": [Function],
        },
      ],
      "type": "article",
    },
    "type": "section",
  },
  Symbol(enzyme.__nodes__): Array [
    Object {
      "instance": null,
      "key": undefined,
      "nodeType": "host",
      "props": Object {
        "children": <article
          className="landing-page"
>
          <h1>
                    Gig Spot
          </h1>
          <p>
                    Enter your city find concerts in your area
          </p>
          <withRouter(Connect(LocationForm)) />
</article>,
        "className": "landing-page-background",
      },
      "ref": null,
      "rendered": Object {
        "instance": null,
        "key": undefined,
        "nodeType": "host",
        "props": Object {
          "children": Array [
            <h1>
              Gig Spot
</h1>,
            <p>
              Enter your city find concerts in your area
</p>,
            <withRouter(Connect(LocationForm)) />,
          ],
          "className": "landing-page",
        },
        "ref": null,
        "rendered": Array [
          Object {
            "instance": null,
            "key": undefined,
            "nodeType": "host",
            "props": Object {
              "children": "Gig Spot",
            },
            "ref": null,
            "rendered": "Gig Spot",
            "type": "h1",
          },
          Object {
            "instance": null,
            "key": undefined,
            "nodeType": "host",
            "props": Object {
              "children": "Enter your city find concerts in your area",
            },
            "ref": null,
            "rendered": "Enter your city find concerts in your area",
            "type": "p",
          },
          Object {
            "instance": null,
            "key": undefined,
            "nodeType": "function",
            "props": Object {},
            "ref": null,
            "rendered": null,
            "type": [Function],
          },
        ],
        "type": "article",
      },
      "type": "section",
    },
  ],
  Symbol(enzyme.__options__): Object {
    "adapter": ReactSixteenAdapter {
      "options": Object {
        "enableComponentDidUpdateOnSetState": true,
      },
    },
  },
}
`;
