// Jest Snapshot v1, https://goo.gl/fbAQLP

exports[`EventDetails should match the snapshot 1`] = `
ShallowWrapper {
  "length": 1,
  Symbol(enzyme.__root__): [Circular],
  Symbol(enzyme.__unrendered__): <Unknown
    concert={
        Object {
            "date": "Apr 13, 2018",
            "headlineArtist": Object {
              "Id": 34468,
              "Name": "The English Beat",
            },
            "id": 3092703,
            "image": "https://lastfm-img2.akamaized.net/i/u/300x300/fa3db70a62ae49dbbbfbd4183d68289f.png",
            "startTime": "8:00 PM",
            "supportArtists": Array [
              Object {
                "Id": "123882",
                "Name": "Shawn James",
              },
            ],
            "tickets": "http://www.shareasale.com/r.cfm?u=460319&b=234786&m=27601&afftrack=&urllink=https://www.ticketfly.com/purchase/event/1612325/tfly?utm_medium=api",
            "venue": Object {
              "address": "7401 E. 1st Ave",
              "city": "Denver",
              "id": 59319,
              "name": "The Soiled Dove Underground",
              "url": "http://www.soileddove.com/",
            },
          }
    }
/>,
  Symbol(enzyme.__renderer__): Object {
    "batchedUpdates": [Function],
    "getNode": [Function],
    "render": [Function],
    "simulateEvent": [Function],
    "unmount": [Function],
  },
  Symbol(enzyme.__node__): Object {
    "instance": null,
    "key": undefined,
    "nodeType": "host",
    "props": Object {
      "children": Array [
        <article
          className="event-details"
>
          <img
                    alt="artist"
                    className="detail-img"
                    onError={[Function]}
                    src="https://lastfm-img2.akamaized.net/i/u/300x300/fa3db70a62ae49dbbbfbd4183d68289f.png"
          />
          <div
                    className="detail-right"
          >
                    <h2
                              className="headliner"
                    >
                              Object {
                                        "Id": 34468,
                                        "Name": "The English Beat",
                                      }
                    </h2>
                    <div
                              className="detail-date"
                    >
                              Apr 13, 2018
                    </div>
                    <div
                              className="support"
                    >
                              With:
                              <h4
                                        className="support"
                              >
                                        Object {
                                                  "Id": "123882",
                                                  "Name": "Shawn James",
                                                }
                              </h4>
                    </div>
                    <div
                              className="detail-venue"
                    >
                              <a
                                        href="http://www.soileddove.com/"
                                        rel="noopener noreferrer"
                                        target="_blank"
                              >
                                        <h4
                                                  className="venue-name"
                                        >
                                                  The Soiled Dove Underground
                                        </h4>
                              </a>
                              <div
                                        className="address"
                              >
                                        7401 E. 1st Ave
                                        , 
                                        Denver
                              </div>
                    </div>
                    <div
                              className="detail-start-time"
                    >
                              8:00 PM
                    </div>
                    <a
                              className="ticket-info"
                              href="http://www.shareasale.com/r.cfm?u=460319&b=234786&m=27601&afftrack=&urllink=https://www.ticketfly.com/purchase/event/1612325/tfly?utm_medium=api"
                              rel="noopener noreferrer"
                              target="_blank"
                    >
                              <h4>
                                        Get tickets
                              </h4>
                    </a>
          </div>
</article>,
        undefined,
      ],
    },
    "ref": null,
    "rendered": Array [
      Object {
        "instance": null,
        "key": undefined,
        "nodeType": "host",
        "props": Object {
          "children": Array [
            <img
              alt="artist"
              className="detail-img"
              onError={[Function]}
              src="https://lastfm-img2.akamaized.net/i/u/300x300/fa3db70a62ae49dbbbfbd4183d68289f.png"
/>,
            <div
              className="detail-right"
>
              <h2
                            className="headliner"
              >
                            Object {
                                          "Id": 34468,
                                          "Name": "The English Beat",
                                        }
              </h2>
              <div
                            className="detail-date"
              >
                            Apr 13, 2018
              </div>
              <div
                            className="support"
              >
                            With:
                            <h4
                                          className="support"
                            >
                                          Object {
                                                        "Id": "123882",
                                                        "Name": "Shawn James",
                                                      }
                            </h4>
              </div>
              <div
                            className="detail-venue"
              >
                            <a
                                          href="http://www.soileddove.com/"
                                          rel="noopener noreferrer"
                                          target="_blank"
                            >
                                          <h4
                                                        className="venue-name"
                                          >
                                                        The Soiled Dove Underground
                                          </h4>
                            </a>
                            <div
                                          className="address"
                            >
                                          7401 E. 1st Ave
                                          , 
                                          Denver
                            </div>
              </div>
              <div
                            className="detail-start-time"
              >
                            8:00 PM
              </div>
              <a
                            className="ticket-info"
                            href="http://www.shareasale.com/r.cfm?u=460319&b=234786&m=27601&afftrack=&urllink=https://www.ticketfly.com/purchase/event/1612325/tfly?utm_medium=api"
                            rel="noopener noreferrer"
                            target="_blank"
              >
                            <h4>
                                          Get tickets
                            </h4>
              </a>
</div>,
          ],
          "className": "event-details",
        },
        "ref": null,
        "rendered": Array [
          Object {
            "instance": null,
            "key": undefined,
            "nodeType": "host",
            "props": Object {
              "alt": "artist",
              "className": "detail-img",
              "onError": [Function],
              "src": "https://lastfm-img2.akamaized.net/i/u/300x300/fa3db70a62ae49dbbbfbd4183d68289f.png",
            },
            "ref": null,
            "rendered": null,
            "type": "img",
          },
          Object {
            "instance": null,
            "key": undefined,
            "nodeType": "host",
            "props": Object {
              "children": Array [
                <h2
                  className="headliner"
>
                  Object {
                                    "Id": 34468,
                                    "Name": "The English Beat",
                                  }
</h2>,
                <div
                  className="detail-date"
>
                  Apr 13, 2018
</div>,
                <div
                  className="support"
>
                  With:
                  <h4
                                    className="support"
                  >
                                    Object {
                                                      "Id": "123882",
                                                      "Name": "Shawn James",
                                                    }
                  </h4>
</div>,
                <div
                  className="detail-venue"
>
                  <a
                                    href="http://www.soileddove.com/"
                                    rel="noopener noreferrer"
                                    target="_blank"
                  >
                                    <h4
                                                      className="venue-name"
                                    >
                                                      The Soiled Dove Underground
                                    </h4>
                  </a>
                  <div
                                    className="address"
                  >
                                    7401 E. 1st Ave
                                    , 
                                    Denver
                  </div>
</div>,
                <div
                  className="detail-start-time"
>
                  8:00 PM
</div>,
                <a
                  className="ticket-info"
                  href="http://www.shareasale.com/r.cfm?u=460319&b=234786&m=27601&afftrack=&urllink=https://www.ticketfly.com/purchase/event/1612325/tfly?utm_medium=api"
                  rel="noopener noreferrer"
                  target="_blank"
>
                  <h4>
                                    Get tickets
                  </h4>
</a>,
              ],
              "className": "detail-right",
            },
            "ref": null,
            "rendered": Array [
              Object {
                "instance": null,
                "key": undefined,
                "nodeType": "host",
                "props": Object {
                  "children": Object {
                    "Id": 34468,
                    "Name": "The English Beat",
                  },
                  "className": "headliner",
                },
                "ref": null,
                "rendered": Object {
                  "Id": 34468,
                  "Name": "The English Beat",
                },
                "type": "h2",
              },
              Object {
                "instance": null,
                "key": undefined,
                "nodeType": "host",
                "props": Object {
                  "children": "Apr 13, 2018",
                  "className": "detail-date",
                },
                "ref": null,
                "rendered": "Apr 13, 2018",
                "type": "div",
              },
              Object {
                "instance": null,
                "key": undefined,
                "nodeType": "host",
                "props": Object {
                  "children": Array [
                    "With:",
                    Array [
                      <h4
                        className="support"
>
                        Object {
                                                "Id": "123882",
                                                "Name": "Shawn James",
                                              }
</h4>,
                    ],
                  ],
                  "className": "support",
                },
                "ref": null,
                "rendered": Array [
                  "With:",
                  Object {
                    "instance": null,
                    "key": "[object Object]1540436985197",
                    "nodeType": "host",
                    "props": Object {
                      "children": Object {
                        "Id": "123882",
                        "Name": "Shawn James",
                      },
                      "className": "support",
                    },
                    "ref": null,
                    "rendered": Object {
                      "Id": "123882",
                      "Name": "Shawn James",
                    },
                    "type": "h4",
                  },
                ],
                "type": "div",
              },
              Object {
                "instance": null,
                "key": undefined,
                "nodeType": "host",
                "props": Object {
                  "children": Array [
                    <a
                      href="http://www.soileddove.com/"
                      rel="noopener noreferrer"
                      target="_blank"
>
                      <h4
                                            className="venue-name"
                      >
                                            The Soiled Dove Underground
                      </h4>
</a>,
                    <div
                      className="address"
>
                      7401 E. 1st Ave
                      , 
                      Denver
</div>,
                  ],
                  "className": "detail-venue",
                },
                "ref": null,
                "rendered": Array [
                  Object {
                    "instance": null,
                    "key": undefined,
                    "nodeType": "host",
                    "props": Object {
                      "children": <h4
                        className="venue-name"
>
                        The Soiled Dove Underground
</h4>,
                      "href": "http://www.soileddove.com/",
                      "rel": "noopener noreferrer",
                      "target": "_blank",
                    },
                    "ref": null,
                    "rendered": Object {
                      "instance": null,
                      "key": undefined,
                      "nodeType": "host",
                      "props": Object {
                        "children": "The Soiled Dove Underground",
                        "className": "venue-name",
                      },
                      "ref": null,
                      "rendered": "The Soiled Dove Underground",
                      "type": "h4",
                    },
                    "type": "a",
                  },
                  Object {
                    "instance": null,
                    "key": undefined,
                    "nodeType": "host",
                    "props": Object {
                      "children": Array [
                        "7401 E. 1st Ave",
                        ", ",
                        "Denver",
                      ],
                      "className": "address",
                    },
                    "ref": null,
                    "rendered": Array [
                      "7401 E. 1st Ave",
                      ", ",
                      "Denver",
                    ],
                    "type": "div",
                  },
                ],
                "type": "div",
              },
              Object {
                "instance": null,
                "key": undefined,
                "nodeType": "host",
                "props": Object {
                  "children": "8:00 PM",
                  "className": "detail-start-time",
                },
                "ref": null,
                "rendered": "8:00 PM",
                "type": "div",
              },
              Object {
                "instance": null,
                "key": undefined,
                "nodeType": "host",
                "props": Object {
                  "children": <h4>
                    Get tickets
</h4>,
                  "className": "ticket-info",
                  "href": "http://www.shareasale.com/r.cfm?u=460319&b=234786&m=27601&afftrack=&urllink=https://www.ticketfly.com/purchase/event/1612325/tfly?utm_medium=api",
                  "rel": "noopener noreferrer",
                  "target": "_blank",
                },
                "ref": null,
                "rendered": Object {
                  "instance": null,
                  "key": undefined,
                  "nodeType": "host",
                  "props": Object {
                    "children": "Get tickets",
                  },
                  "ref": null,
                  "rendered": "Get tickets",
                  "type": "h4",
                },
                "type": "a",
              },
            ],
            "type": "div",
          },
        ],
        "type": "article",
      },
      undefined,
    ],
    "type": "div",
  },
  Symbol(enzyme.__nodes__): Array [
    Object {
      "instance": null,
      "key": undefined,
      "nodeType": "host",
      "props": Object {
        "children": Array [
          <article
            className="event-details"
>
            <img
                        alt="artist"
                        className="detail-img"
                        onError={[Function]}
                        src="https://lastfm-img2.akamaized.net/i/u/300x300/fa3db70a62ae49dbbbfbd4183d68289f.png"
            />
            <div
                        className="detail-right"
            >
                        <h2
                                    className="headliner"
                        >
                                    Object {
                                                "Id": 34468,
                                                "Name": "The English Beat",
                                              }
                        </h2>
                        <div
                                    className="detail-date"
                        >
                                    Apr 13, 2018
                        </div>
                        <div
                                    className="support"
                        >
                                    With:
                                    <h4
                                                className="support"
                                    >
                                                Object {
                                                            "Id": "123882",
                                                            "Name": "Shawn James",
                                                          }
                                    </h4>
                        </div>
                        <div
                                    className="detail-venue"
                        >
                                    <a
                                                href="http://www.soileddove.com/"
                                                rel="noopener noreferrer"
                                                target="_blank"
                                    >
                                                <h4
                                                            className="venue-name"
                                                >
                                                            The Soiled Dove Underground
                                                </h4>
                                    </a>
                                    <div
                                                className="address"
                                    >
                                                7401 E. 1st Ave
                                                , 
                                                Denver
                                    </div>
                        </div>
                        <div
                                    className="detail-start-time"
                        >
                                    8:00 PM
                        </div>
                        <a
                                    className="ticket-info"
                                    href="http://www.shareasale.com/r.cfm?u=460319&b=234786&m=27601&afftrack=&urllink=https://www.ticketfly.com/purchase/event/1612325/tfly?utm_medium=api"
                                    rel="noopener noreferrer"
                                    target="_blank"
                        >
                                    <h4>
                                                Get tickets
                                    </h4>
                        </a>
            </div>
</article>,
          undefined,
        ],
      },
      "ref": null,
      "rendered": Array [
        Object {
          "instance": null,
          "key": undefined,
          "nodeType": "host",
          "props": Object {
            "children": Array [
              <img
                alt="artist"
                className="detail-img"
                onError={[Function]}
                src="https://lastfm-img2.akamaized.net/i/u/300x300/fa3db70a62ae49dbbbfbd4183d68289f.png"
/>,
              <div
                className="detail-right"
>
                <h2
                                className="headliner"
                >
                                Object {
                                                "Id": 34468,
                                                "Name": "The English Beat",
                                              }
                </h2>
                <div
                                className="detail-date"
                >
                                Apr 13, 2018
                </div>
                <div
                                className="support"
                >
                                With:
                                <h4
                                                className="support"
                                >
                                                Object {
                                                                "Id": "123882",
                                                                "Name": "Shawn James",
                                                              }
                                </h4>
                </div>
                <div
                                className="detail-venue"
                >
                                <a
                                                href="http://www.soileddove.com/"
                                                rel="noopener noreferrer"
                                                target="_blank"
                                >
                                                <h4
                                                                className="venue-name"
                                                >
                                                                The Soiled Dove Underground
                                                </h4>
                                </a>
                                <div
                                                className="address"
                                >
                                                7401 E. 1st Ave
                                                , 
                                                Denver
                                </div>
                </div>
                <div
                                className="detail-start-time"
                >
                                8:00 PM
                </div>
                <a
                                className="ticket-info"
                                href="http://www.shareasale.com/r.cfm?u=460319&b=234786&m=27601&afftrack=&urllink=https://www.ticketfly.com/purchase/event/1612325/tfly?utm_medium=api"
                                rel="noopener noreferrer"
                                target="_blank"
                >
                                <h4>
                                                Get tickets
                                </h4>
                </a>
</div>,
            ],
            "className": "event-details",
          },
          "ref": null,
          "rendered": Array [
            Object {
              "instance": null,
              "key": undefined,
              "nodeType": "host",
              "props": Object {
                "alt": "artist",
                "className": "detail-img",
                "onError": [Function],
                "src": "https://lastfm-img2.akamaized.net/i/u/300x300/fa3db70a62ae49dbbbfbd4183d68289f.png",
              },
              "ref": null,
              "rendered": null,
              "type": "img",
            },
            Object {
              "instance": null,
              "key": undefined,
              "nodeType": "host",
              "props": Object {
                "children": Array [
                  <h2
                    className="headliner"
>
                    Object {
                                        "Id": 34468,
                                        "Name": "The English Beat",
                                      }
</h2>,
                  <div
                    className="detail-date"
>
                    Apr 13, 2018
</div>,
                  <div
                    className="support"
>
                    With:
                    <h4
                                        className="support"
                    >
                                        Object {
                                                            "Id": "123882",
                                                            "Name": "Shawn James",
                                                          }
                    </h4>
</div>,
                  <div
                    className="detail-venue"
>
                    <a
                                        href="http://www.soileddove.com/"
                                        rel="noopener noreferrer"
                                        target="_blank"
                    >
                                        <h4
                                                            className="venue-name"
                                        >
                                                            The Soiled Dove Underground
                                        </h4>
                    </a>
                    <div
                                        className="address"
                    >
                                        7401 E. 1st Ave
                                        , 
                                        Denver
                    </div>
</div>,
                  <div
                    className="detail-start-time"
>
                    8:00 PM
</div>,
                  <a
                    className="ticket-info"
                    href="http://www.shareasale.com/r.cfm?u=460319&b=234786&m=27601&afftrack=&urllink=https://www.ticketfly.com/purchase/event/1612325/tfly?utm_medium=api"
                    rel="noopener noreferrer"
                    target="_blank"
>
                    <h4>
                                        Get tickets
                    </h4>
</a>,
                ],
                "className": "detail-right",
              },
              "ref": null,
              "rendered": Array [
                Object {
                  "instance": null,
                  "key": undefined,
                  "nodeType": "host",
                  "props": Object {
                    "children": Object {
                      "Id": 34468,
                      "Name": "The English Beat",
                    },
                    "className": "headliner",
                  },
                  "ref": null,
                  "rendered": Object {
                    "Id": 34468,
                    "Name": "The English Beat",
                  },
                  "type": "h2",
                },
                Object {
                  "instance": null,
                  "key": undefined,
                  "nodeType": "host",
                  "props": Object {
                    "children": "Apr 13, 2018",
                    "className": "detail-date",
                  },
                  "ref": null,
                  "rendered": "Apr 13, 2018",
                  "type": "div",
                },
                Object {
                  "instance": null,
                  "key": undefined,
                  "nodeType": "host",
                  "props": Object {
                    "children": Array [
                      "With:",
                      Array [
                        <h4
                          className="support"
>
                          Object {
                                                    "Id": "123882",
                                                    "Name": "Shawn James",
                                                  }
</h4>,
                      ],
                    ],
                    "className": "support",
                  },
                  "ref": null,
                  "rendered": Array [
                    "With:",
                    Object {
                      "instance": null,
                      "key": "[object Object]1540436985197",
                      "nodeType": "host",
                      "props": Object {
                        "children": Object {
                          "Id": "123882",
                          "Name": "Shawn James",
                        },
                        "className": "support",
                      },
                      "ref": null,
                      "rendered": Object {
                        "Id": "123882",
                        "Name": "Shawn James",
                      },
                      "type": "h4",
                    },
                  ],
                  "type": "div",
                },
                Object {
                  "instance": null,
                  "key": undefined,
                  "nodeType": "host",
                  "props": Object {
                    "children": Array [
                      <a
                        href="http://www.soileddove.com/"
                        rel="noopener noreferrer"
                        target="_blank"
>
                        <h4
                                                className="venue-name"
                        >
                                                The Soiled Dove Underground
                        </h4>
</a>,
                      <div
                        className="address"
>
                        7401 E. 1st Ave
                        , 
                        Denver
</div>,
                    ],
                    "className": "detail-venue",
                  },
                  "ref": null,
                  "rendered": Array [
                    Object {
                      "instance": null,
                      "key": undefined,
                      "nodeType": "host",
                      "props": Object {
                        "children": <h4
                          className="venue-name"
>
                          The Soiled Dove Underground
</h4>,
                        "href": "http://www.soileddove.com/",
                        "rel": "noopener noreferrer",
                        "target": "_blank",
                      },
                      "ref": null,
                      "rendered": Object {
                        "instance": null,
                        "key": undefined,
                        "nodeType": "host",
                        "props": Object {
                          "children": "The Soiled Dove Underground",
                          "className": "venue-name",
                        },
                        "ref": null,
                        "rendered": "The Soiled Dove Underground",
                        "type": "h4",
                      },
                      "type": "a",
                    },
                    Object {
                      "instance": null,
                      "key": undefined,
                      "nodeType": "host",
                      "props": Object {
                        "children": Array [
                          "7401 E. 1st Ave",
                          ", ",
                          "Denver",
                        ],
                        "className": "address",
                      },
                      "ref": null,
                      "rendered": Array [
                        "7401 E. 1st Ave",
                        ", ",
                        "Denver",
                      ],
                      "type": "div",
                    },
                  ],
                  "type": "div",
                },
                Object {
                  "instance": null,
                  "key": undefined,
                  "nodeType": "host",
                  "props": Object {
                    "children": "8:00 PM",
                    "className": "detail-start-time",
                  },
                  "ref": null,
                  "rendered": "8:00 PM",
                  "type": "div",
                },
                Object {
                  "instance": null,
                  "key": undefined,
                  "nodeType": "host",
                  "props": Object {
                    "children": <h4>
                      Get tickets
</h4>,
                    "className": "ticket-info",
                    "href": "http://www.shareasale.com/r.cfm?u=460319&b=234786&m=27601&afftrack=&urllink=https://www.ticketfly.com/purchase/event/1612325/tfly?utm_medium=api",
                    "rel": "noopener noreferrer",
                    "target": "_blank",
                  },
                  "ref": null,
                  "rendered": Object {
                    "instance": null,
                    "key": undefined,
                    "nodeType": "host",
                    "props": Object {
                      "children": "Get tickets",
                    },
                    "ref": null,
                    "rendered": "Get tickets",
                    "type": "h4",
                  },
                  "type": "a",
                },
              ],
              "type": "div",
            },
          ],
          "type": "article",
        },
        undefined,
      ],
      "type": "div",
    },
  ],
  Symbol(enzyme.__options__): Object {
    "adapter": ReactSixteenAdapter {
      "options": Object {
        "enableComponentDidUpdateOnSetState": true,
      },
    },
  },
}
`;
